---
source: web_service/tests/web_server.rs
expression: bytes
---
b""
